// Jest Snapshot v1, https://goo.gl/fbAQLP

exports[`Text matches the snapshot 1`] = `ReactWrapper {}`;

exports[`TextJSS matches the snapshot 1`] = `ReactWrapper {}`;
